=== 2026-08-25T13:30:48Z scale run finished; regenerating docs ===
Traceback (most recent call last):
  File "/Users/ottomattas/src/ottomattas/statute-decider/experiments/render_drilldown.py", line 213, in <module>
    raise SystemExit(main())
                     ^^^^^^
  File "/Users/ottomattas/src/ottomattas/statute-decider/experiments/render_drilldown.py", line 208, in main
    render(inputs, Path(args.out))
  File "/Users/ottomattas/src/ottomattas/statute-decider/experiments/render_drilldown.py", line 96, in render
    rows = load_rows(path)
           ^^^^^^^^^^^^^^^
  File "/Users/ottomattas/src/ottomattas/statute-decider/experiments/render_drilldown.py", line 32, in load_rows
    for line in path.read_text(encoding="utf-8").splitlines():
                ^^^^^^^^^^^^^^^^^^^^^^^^^^^^^^^^
  File "/Users/ottomattas/.local/share/uv/python/cpython-3.12.13-macos-aarch64-none/lib/python3.12/pathlib.py", line 1027, in read_text
    with self.open(mode='r', encoding=encoding, errors=errors) as f:
         ^^^^^^^^^^^^^^^^^^^^^^^^^^^^^^^^^^^^^^^^^^^^^^^^^^^^^
  File "/Users/ottomattas/.local/share/uv/python/cpython-3.12.13-macos-aarch64-none/lib/python3.12/pathlib.py", line 1013, in open
    return io.open(self, mode, buffering, encoding, errors, newline)
           ^^^^^^^^^^^^^^^^^^^^^^^^^^^^^^^^^^^^^^^^^^^^^^^^^^^^^^^^^
FileNotFoundError: [Errno 2] No such file or directory: 'experiments/results/scale-20260825/sota/experiment_ii_llm.jsonl'
wrote experiments/results/contract-tables.md
=== 2026-08-25T13:30:48Z postprocess done ===
=== 2026-08-25T13:32:11Z scale run finished; regenerating docs ===
Traceback (most recent call last):
  File "/Users/ottomattas/src/ottomattas/statute-decider/experiments/render_drilldown.py", line 213, in <module>
    raise SystemExit(main())
                     ^^^^^^
  File "/Users/ottomattas/src/ottomattas/statute-decider/experiments/render_drilldown.py", line 208, in main
    render(inputs, Path(args.out))
  File "/Users/ottomattas/src/ottomattas/statute-decider/experiments/render_drilldown.py", line 96, in render
    rows = load_rows(path)
           ^^^^^^^^^^^^^^^
  File "/Users/ottomattas/src/ottomattas/statute-decider/experiments/render_drilldown.py", line 32, in load_rows
    for line in path.read_text(encoding="utf-8").splitlines():
                ^^^^^^^^^^^^^^^^^^^^^^^^^^^^^^^^
  File "/Users/ottomattas/.local/share/uv/python/cpython-3.12.13-macos-aarch64-none/lib/python3.12/pathlib.py", line 1027, in read_text
    with self.open(mode='r', encoding=encoding, errors=errors) as f:
         ^^^^^^^^^^^^^^^^^^^^^^^^^^^^^^^^^^^^^^^^^^^^^^^^^^^^^
  File "/Users/ottomattas/.local/share/uv/python/cpython-3.12.13-macos-aarch64-none/lib/python3.12/pathlib.py", line 1013, in open
    return io.open(self, mode, buffering, encoding, errors, newline)
           ^^^^^^^^^^^^^^^^^^^^^^^^^^^^^^^^^^^^^^^^^^^^^^^^^^^^^^^^^
FileNotFoundError: [Errno 2] No such file or directory: 'experiments/results/scale-20260825/sota/experiment_ii_llm.jsonl'
wrote experiments/results/contract-tables.md
=== 2026-08-25T13:32:11Z postprocess done ===
